// Jest Snapshot v1, https://goo.gl/fbAQLP

exports[`<EditExpensePage/> Should render Edit expense page correctly 1`] = `
<div>
  <p>
    Edit Content: 
    1
  </p>
  <ExpenseForm
    expense={
      Object {
        "amount": 0,
        "createdAt": 432000000,
        "description": "d1",
        "id": "1",
        "note": "",
      }
    }
    onSubmit={[Function]}
  />
  <button
    onClick={[Function]}
  >
    Remove
  </button>
</div>
`;
