// Jest Snapshot v1, https://goo.gl/fbAQLP

exports[`<ExpenseList/> Should render empty expense list correctly 1`] = `
<div>
  <h1>
    Expenses
  </h1>
  <p>
    No Expenses
  </p>
</div>
`;

exports[`<ExpenseList/> Should render expense list correctly 1`] = `
<div>
  <h1>
    Expenses
  </h1>
  <ExpenseListItem
    amount={0}
    createdAt={432000000}
    description="d1"
    id="1"
    key="1"
    note=""
  />
  <ExpenseListItem
    amount={1}
    createdAt={-432000000}
    description="d2"
    id="2"
    key="2"
    note=""
  />
  <ExpenseListItem
    amount={3}
    createdAt={0}
    description="d3"
    id="3"
    key="3"
    note=""
  />
</div>
`;
